// Jest Snapshot v1, https://goo.gl/fbAQLP

exports[`CarHeader should render correctly 1`] = `
<div>
  <h1
    className="CarHeader_Title"
  >
    Car Wow Test
  </h1>
  <p
    className="CarHeader_Description"
  >
    This is test lead.
  </p>
</div>
`;
